current directory: /Users/vidyarajan/Documents/RoughWork/ReactNative/ReactNativeGoogleSignIn/vendor/bundle/ruby/3.4.0/gems/json-2.18.0/ext/json/ext/parser
/opt/homebrew/opt/ruby/bin/ruby extconf.rb
checking for rb_enc_interned_str() in ruby/encoding.h... yes
checking for rb_str_to_interned_str() in ruby.h... yes
checking for rb_hash_new_capa() in ruby.h... yes
checking for rb_hash_bulk_insert() in ruby.h... yes
checking for whether -std=c99 is accepted as CFLAGS... yes
checking for arm_neon.h... yes
checking for cpuid.h... no
creating Makefile

current directory: /Users/vidyarajan/Documents/RoughWork/ReactNative/ReactNativeGoogleSignIn/vendor/bundle/ruby/3.4.0/gems/json-2.18.0/ext/json/ext/parser
make DESTDIR\= sitearchdir\=./.gem.20260120-51742-ngxkxj sitelibdir\=./.gem.20260120-51742-ngxkxj clean

current directory: /Users/vidyarajan/Documents/RoughWork/ReactNative/ReactNativeGoogleSignIn/vendor/bundle/ruby/3.4.0/gems/json-2.18.0/ext/json/ext/parser
make DESTDIR\= sitearchdir\=./.gem.20260120-51742-ngxkxj sitelibdir\=./.gem.20260120-51742-ngxkxj
compiling parser.c
linking shared-object json/ext/parser.bundle
ld: warning: search path '/opt/homebrew/Cellar/openssl@3/3.5.2/lib' not found
ld: warning: search path '/opt/homebrew/Cellar/openssl@3/3.5.2/lib' not found

current directory: /Users/vidyarajan/Documents/RoughWork/ReactNative/ReactNativeGoogleSignIn/vendor/bundle/ruby/3.4.0/gems/json-2.18.0/ext/json/ext/parser
make DESTDIR\= sitearchdir\=./.gem.20260120-51742-ngxkxj sitelibdir\=./.gem.20260120-51742-ngxkxj install
/usr/bin/install -c -m 0755 parser.bundle ./.gem.20260120-51742-ngxkxj/json/ext

current directory: /Users/vidyarajan/Documents/RoughWork/ReactNative/ReactNativeGoogleSignIn/vendor/bundle/ruby/3.4.0/gems/json-2.18.0/ext/json/ext/parser
make DESTDIR\= sitearchdir\=./.gem.20260120-51742-ngxkxj sitelibdir\=./.gem.20260120-51742-ngxkxj clean
